// Jest Snapshot v1, https://goo.gl/fbAQLP

exports[`ConsoleSDK should get the contai 1`] = `
<div
  id="__quiankun__"
/>
`;
