// Jest Snapshot v1, https://goo.gl/fbAQLP

exports[`Webpack Micro App Rendering should mount the micro app on the missing props 1`] = `
[MockFunction] {
  "calls": [
    [
      false,
      ConsoleSDK {
        "configObservable": {
          "_version": "mock_version",
          "collections": Observable {
            "_subscribe": [Function],
          },
          "configMaps": Observable {
            "_subscribe": [Function],
          },
          "endpoints": Observable {
            "_subscribe": [Function],
          },
          "forceConfigUpdateChecksum": Observable {
            "_subscribe": [Function],
          },
          "microfrontendPluginConfig": Observable {
            "_subscribe": [Function],
          },
          "selectedEnvironment": Observable {
            "_subscribe": [Function],
          },
          "selectedProject": Observable {
            "_subscribe": [Function],
          },
          "services": Observable {
            "_subscribe": [Function],
          },
          "unsecretedVariables": Observable {
            "_subscribe": [Function],
          },
        },
        "consoleWriteConfig": [MockFunction],
        "container": <div
          id="__qiankun_microapp_wrapper_for_microfrontend__"
        />,
        "contexts": {
          "featureTogglesProxyContext": {},
          "hotkeysContext": {},
        },
        "events": Subject {
          "closed": false,
          "currentObservers": null,
          "hasError": false,
          "isStopped": false,
          "observers": [
            SafeSubscriber {
              "_finalizers": [
                Subscription {
                  "_finalizers": null,
                  "_parentage": [Circular],
                  "closed": false,
                  "initialTeardown": [Function],
                },
              ],
              "_parentage": null,
              "closed": false,
              "destination": ConsumerObserver {
                "partialObserver": {
                  "complete": undefined,
                  "error": undefined,
                  "next": [MockFunction],
                },
              },
              "initialTeardown": undefined,
              "isStopped": false,
            },
          ],
          "thrownError": null,
        },
        "name": "testMicrofrontend",
      },
    ],
  ],
  "results": [
    {
      "type": "return",
      "value": undefined,
    },
  ],
}
`;

exports[`Webpack Micro App Rendering should mount the micro app on the missing props 2`] = `
[MockFunction] {
  "calls": [
    [
      false,
      ConsoleSDK {
        "configObservable": {
          "_version": "mock_version",
          "collections": Observable {
            "_subscribe": [Function],
          },
          "configMaps": Observable {
            "_subscribe": [Function],
          },
          "endpoints": Observable {
            "_subscribe": [Function],
          },
          "forceConfigUpdateChecksum": Observable {
            "_subscribe": [Function],
          },
          "microfrontendPluginConfig": Observable {
            "_subscribe": [Function],
          },
          "selectedEnvironment": Observable {
            "_subscribe": [Function],
          },
          "selectedProject": Observable {
            "_subscribe": [Function],
          },
          "services": Observable {
            "_subscribe": [Function],
          },
          "unsecretedVariables": Observable {
            "_subscribe": [Function],
          },
        },
        "consoleWriteConfig": [MockFunction],
        "container": <div
          id="__qiankun_microapp_wrapper_for_microfrontend__"
        />,
        "contexts": {
          "featureTogglesProxyContext": {},
          "hotkeysContext": {},
        },
        "events": Subject {
          "closed": false,
          "currentObservers": null,
          "hasError": false,
          "isStopped": false,
          "observers": [
            SafeSubscriber {
              "_finalizers": [
                Subscription {
                  "_finalizers": null,
                  "_parentage": [Circular],
                  "closed": false,
                  "initialTeardown": [Function],
                },
              ],
              "_parentage": null,
              "closed": false,
              "destination": ConsumerObserver {
                "partialObserver": {
                  "complete": undefined,
                  "error": undefined,
                  "next": [MockFunction],
                },
              },
              "initialTeardown": undefined,
              "isStopped": false,
            },
          ],
          "thrownError": null,
        },
        "name": "testMicrofrontend",
      },
    ],
  ],
  "results": [
    {
      "type": "return",
      "value": undefined,
    },
  ],
}
`;

exports[`Webpack Micro App Rendering should mount the micro app on the missing props 3`] = `
[MockFunction] {
  "calls": [
    [
      false,
      ConsoleSDK {
        "configObservable": {
          "_version": "mock_version",
          "collections": Observable {
            "_subscribe": [Function],
          },
          "configMaps": Observable {
            "_subscribe": [Function],
          },
          "endpoints": Observable {
            "_subscribe": [Function],
          },
          "forceConfigUpdateChecksum": Observable {
            "_subscribe": [Function],
          },
          "microfrontendPluginConfig": Observable {
            "_subscribe": [Function],
          },
          "selectedEnvironment": Observable {
            "_subscribe": [Function],
          },
          "selectedProject": Observable {
            "_subscribe": [Function],
          },
          "services": Observable {
            "_subscribe": [Function],
          },
          "unsecretedVariables": Observable {
            "_subscribe": [Function],
          },
        },
        "consoleWriteConfig": [MockFunction],
        "container": <div
          id="__qiankun_microapp_wrapper_for_microfrontend__"
        />,
        "contexts": {
          "featureTogglesProxyContext": {},
          "hotkeysContext": {},
        },
        "events": Subject {
          "closed": false,
          "currentObservers": null,
          "hasError": false,
          "isStopped": false,
          "observers": [
            SafeSubscriber {
              "_finalizers": [
                Subscription {
                  "_finalizers": null,
                  "_parentage": [Circular],
                  "closed": false,
                  "initialTeardown": [Function],
                },
              ],
              "_parentage": null,
              "closed": false,
              "destination": ConsumerObserver {
                "partialObserver": {
                  "complete": undefined,
                  "error": undefined,
                  "next": [MockFunction],
                },
              },
              "initialTeardown": undefined,
              "isStopped": false,
            },
          ],
          "thrownError": null,
        },
        "name": "testMicrofrontend",
      },
    ],
  ],
  "results": [
    {
      "type": "return",
      "value": undefined,
    },
  ],
}
`;
